

===== 2026-09-07 10:17 KST 신규 1건 =====
[수의] 2026년 설악산국립공원사무소 탐방안내소 AI통번역기 구매
  국립공원공단 설악산국립공원사무소 | 물품 | 수의시담
  마감 9/07 15:00 (4.7시간 남음) | 공고번호 R26BM00950736-000
  https://www.g2b.go.kr/

===== 2026-09-09 08:29 KST 신규 1건 =====
&#x27;26년 드론봇 외국원서 번역용역
  육군교육사령부 | 일반용역 | 적격심사제
  마감 9/18 10:30 (9일 남음) | 공고번호 R26BM00954298-000
  https://www.g2b.go.kr/

===== 2026-09-11 22:57 KST 신규 2건 =====
동국대학교 HK플러스사업단 연구· 번역· 사료· 물품교양총서 출간 용역
  동국대학교 산학협력단 | 일반용역 | 협상에의한계약
  마감 9/22 11:00 (10일 남음) | 공고번호 R26BM00959016-000
  https://www.g2b.go.kr/

페루 클라우드 기반 중앙부처 전자문서 통합관리시스템 구축사업 기자재 공급 및 현지화 PC
  한국국제협력단 | 물품 | 협상에의한계약
  마감 9/22 11:00 (10일 남음) | 공고번호 R26BM00958811-000
  https://www.g2b.go.kr/

===== 2026-09-14 10:39 KST 신규 1건 =====
[수의] 26년 민간인 수사통역요원 전문화 교육 사업 계약 
  경찰청 | 일반용역 | 수의시담
  마감 9/21 10:00 (6일 남음) | 공고번호 R26BM00959909-000
  https://www.g2b.go.kr/

===== 2026-09-14 22:59 KST 신규 2건 =====
[수의] (대행)분황사지 복원 고증연구 관련 국외 학술자료 번역
  국가유산청 국립문화유산연구원 | 일반용역 | 수의시담
  마감 9/15 12:00 (13.0시간 남음) | 공고번호 R26BM00960473-000
  https://www.g2b.go.kr/

[수의] 계룡산 탐방안내소 AI동시통역기기 구매 ·설치
  국립공원공단계룡산국립공원사무소 | 물품 | 수의시담
  마감 9/15 12:00 (13.0시간 남음) | 공고번호 R26BM00960093-000
  https://www.g2b.go.kr/
